Archive member included to satisfy reference by file (symbol)

c:/program files (x86)/atmel/studio/7.0/toolchain/avr8/avr8-gnu-toolchain/bin/../lib/gcc/avr/5.4.0/avr5\libgcc.a(_exit.o)
                              C:/Program Files (x86)/Atmel/Studio/7.0/Packs/atmel/ATmega_DFP/1.7.374/gcc/dev/atmega32/avr5/crtatmega32.o (exit)
c:/program files (x86)/atmel/studio/7.0/toolchain/avr8/avr8-gnu-toolchain/bin/../lib/gcc/avr/5.4.0/avr5\libgcc.a(_clear_bss.o)
                              Application/Application.o (__do_clear_bss)

Allocating common symbols
Common symbol       size              file

Value               0x1               Application/Application.o
PEDYellowLed        0x2               Application/Application.o
CarsGreenLed        0x2               Application/Application.o
PEDRedLed           0x2               Application/Application.o
CarsRedLed          0x2               Application/Application.o
PEDGreenLed         0x2               Application/Application.o
CarsYellowLed       0x2               Application/Application.o

Discarded input sections

 .data          0x00000000        0x0 C:/Program Files (x86)/Atmel/Studio/7.0/Packs/atmel/ATmega_DFP/1.7.374/gcc/dev/atmega32/avr5/crtatmega32.o
 .bss           0x00000000        0x0 C:/Program Files (x86)/Atmel/Studio/7.0/Packs/atmel/ATmega_DFP/1.7.374/gcc/dev/atmega32/avr5/crtatmega32.o
 .text          0x00000000        0x0 Application/Application.o
 .data          0x00000000        0x0 Application/Application.o
 .bss           0x00000000        0x0 Application/Application.o
 .text.App_TurnOn_5S_2Leds
                0x00000000       0x52 Application/Application.o
 .text          0x00000000        0x0 HALL/LED Driver/led.o
 .data          0x00000000        0x0 HALL/LED Driver/led.o
 .bss           0x00000000        0x0 HALL/LED Driver/led.o
 .text.HLED_voidledToggle
                0x00000000        0xe HALL/LED Driver/led.o
 .text          0x00000000        0x0 main.o
 .data          0x00000000        0x0 main.o
 .bss           0x00000000        0x0 main.o
 .text          0x00000000        0x0 MCAL/DIO Driver/dio.o
 .data          0x00000000        0x0 MCAL/DIO Driver/dio.o
 .bss           0x00000000        0x0 MCAL/DIO Driver/dio.o
 .text.MDIO_voidToggle
                0x00000000       0x7c MCAL/DIO Driver/dio.o
 .text.MDIO_voidRead
                0x00000000       0x6a MCAL/DIO Driver/dio.o
 .text          0x00000000        0x0 MCAL/INTERRUPT Driver/Interrupt.o
 .data          0x00000000        0x0 MCAL/INTERRUPT Driver/Interrupt.o
 .bss           0x00000000        0x0 MCAL/INTERRUPT Driver/Interrupt.o
 .text.MINTERRUPT_voidDisableExternalInterrupt
                0x00000000       0x1c MCAL/INTERRUPT Driver/Interrupt.o
 .text          0x00000000        0x0 MCAL/TIMER0 Driver/Timer0.o
 .data          0x00000000        0x0 MCAL/TIMER0 Driver/Timer0.o
 .bss           0x00000000        0x0 MCAL/TIMER0 Driver/Timer0.o
 .text          0x00000000        0x0 c:/program files (x86)/atmel/studio/7.0/toolchain/avr8/avr8-gnu-toolchain/bin/../lib/gcc/avr/5.4.0/avr5\libgcc.a(_exit.o)
 .data          0x00000000        0x0 c:/program files (x86)/atmel/studio/7.0/toolchain/avr8/avr8-gnu-toolchain/bin/../lib/gcc/avr/5.4.0/avr5\libgcc.a(_exit.o)
 .bss           0x00000000        0x0 c:/program files (x86)/atmel/studio/7.0/toolchain/avr8/avr8-gnu-toolchain/bin/../lib/gcc/avr/5.4.0/avr5\libgcc.a(_exit.o)
 .text.libgcc.mul
                0x00000000        0x0 c:/program files (x86)/atmel/studio/7.0/toolchain/avr8/avr8-gnu-toolchain/bin/../lib/gcc/avr/5.4.0/avr5\libgcc.a(_exit.o)
 .text.libgcc.div
                0x00000000        0x0 c:/program files (x86)/atmel/studio/7.0/toolchain/avr8/avr8-gnu-toolchain/bin/../lib/gcc/avr/5.4.0/avr5\libgcc.a(_exit.o)
 .text.libgcc   0x00000000        0x0 c:/program files (x86)/atmel/studio/7.0/toolchain/avr8/avr8-gnu-toolchain/bin/../lib/gcc/avr/5.4.0/avr5\libgcc.a(_exit.o)
 .text.libgcc.prologue
                0x00000000        0x0 c:/program files (x86)/atmel/studio/7.0/toolchain/avr8/avr8-gnu-toolchain/bin/../lib/gcc/avr/5.4.0/avr5\libgcc.a(_exit.o)
 .text.libgcc.builtins
                0x00000000        0x0 c:/program files (x86)/atmel/studio/7.0/toolchain/avr8/avr8-gnu-toolchain/bin/../lib/gcc/avr/5.4.0/avr5\libgcc.a(_exit.o)
 .text.libgcc.fmul
                0x00000000        0x0 c:/program files (x86)/atmel/studio/7.0/toolchain/avr8/avr8-gnu-toolchain/bin/../lib/gcc/avr/5.4.0/avr5\libgcc.a(_exit.o)
 .text.libgcc.fixed
                0x00000000        0x0 c:/program files (x86)/atmel/studio/7.0/toolchain/avr8/avr8-gnu-toolchain/bin/../lib/gcc/avr/5.4.0/avr5\libgcc.a(_exit.o)
 .text          0x00000000        0x0 c:/program files (x86)/atmel/studio/7.0/toolchain/avr8/avr8-gnu-toolchain/bin/../lib/gcc/avr/5.4.0/avr5\libgcc.a(_clear_bss.o)
 .data          0x00000000        0x0 c:/program files (x86)/atmel/studio/7.0/toolchain/avr8/avr8-gnu-toolchain/bin/../lib/gcc/avr/5.4.0/avr5\libgcc.a(_clear_bss.o)
 .bss           0x00000000        0x0 c:/program files (x86)/atmel/studio/7.0/toolchain/avr8/avr8-gnu-toolchain/bin/../lib/gcc/avr/5.4.0/avr5\libgcc.a(_clear_bss.o)
 .text.libgcc.mul
                0x00000000        0x0 c:/program files (x86)/atmel/studio/7.0/toolchain/avr8/avr8-gnu-toolchain/bin/../lib/gcc/avr/5.4.0/avr5\libgcc.a(_clear_bss.o)
 .text.libgcc.div
                0x00000000        0x0 c:/program files (x86)/atmel/studio/7.0/toolchain/avr8/avr8-gnu-toolchain/bin/../lib/gcc/avr/5.4.0/avr5\libgcc.a(_clear_bss.o)
 .text.libgcc   0x00000000        0x0 c:/program files (x86)/atmel/studio/7.0/toolchain/avr8/avr8-gnu-toolchain/bin/../lib/gcc/avr/5.4.0/avr5\libgcc.a(_clear_bss.o)
 .text.libgcc.prologue
                0x00000000        0x0 c:/program files (x86)/atmel/studio/7.0/toolchain/avr8/avr8-gnu-toolchain/bin/../lib/gcc/avr/5.4.0/avr5\libgcc.a(_clear_bss.o)
 .text.libgcc.builtins
                0x00000000        0x0 c:/program files (x86)/atmel/studio/7.0/toolchain/avr8/avr8-gnu-toolchain/bin/../lib/gcc/avr/5.4.0/avr5\libgcc.a(_clear_bss.o)
 .text.libgcc.fmul
                0x00000000        0x0 c:/program files (x86)/atmel/studio/7.0/toolchain/avr8/avr8-gnu-toolchain/bin/../lib/gcc/avr/5.4.0/avr5\libgcc.a(_clear_bss.o)
 .text.libgcc.fixed
                0x00000000        0x0 c:/program files (x86)/atmel/studio/7.0/toolchain/avr8/avr8-gnu-toolchain/bin/../lib/gcc/avr/5.4.0/avr5\libgcc.a(_clear_bss.o)

Memory Configuration

Name             Origin             Length             Attributes
text             0x00000000         0x00008000         xr
data             0x00800060         0x00000800         rw !x
eeprom           0x00810000         0x00000400         rw !x
fuse             0x00820000         0x00000002         rw !x
lock             0x00830000         0x00000400         rw !x
signature        0x00840000         0x00000400         rw !x
user_signatures  0x00850000         0x00000400         rw !x
*default*        0x00000000         0xffffffff

Linker script and memory map

LOAD C:/Program Files (x86)/Atmel/Studio/7.0/Packs/atmel/ATmega_DFP/1.7.374/gcc/dev/atmega32/avr5/crtatmega32.o
LOAD Application/Application.o
LOAD HALL/LED Driver/led.o
LOAD main.o
LOAD MCAL/DIO Driver/dio.o
LOAD MCAL/INTERRUPT Driver/Interrupt.o
LOAD MCAL/TIMER0 Driver/Timer0.o
START GROUP
LOAD c:/program files (x86)/atmel/studio/7.0/toolchain/avr8/avr8-gnu-toolchain/bin/../lib/gcc/avr/5.4.0/../../../../avr/lib/avr5\libm.a
END GROUP
START GROUP
LOAD c:/program files (x86)/atmel/studio/7.0/toolchain/avr8/avr8-gnu-toolchain/bin/../lib/gcc/avr/5.4.0/avr5\libgcc.a
LOAD c:/program files (x86)/atmel/studio/7.0/toolchain/avr8/avr8-gnu-toolchain/bin/../lib/gcc/avr/5.4.0/../../../../avr/lib/avr5\libm.a
LOAD c:/program files (x86)/atmel/studio/7.0/toolchain/avr8/avr8-gnu-toolchain/bin/../lib/gcc/avr/5.4.0/../../../../avr/lib/avr5\libc.a
LOAD C:/Program Files (x86)/Atmel/Studio/7.0/Packs/atmel/ATmega_DFP/1.7.374/gcc/dev/atmega32/avr5\libatmega32.a
END GROUP
                0x00000000                __TEXT_REGION_ORIGIN__ = DEFINED (__TEXT_REGION_ORIGIN__)?__TEXT_REGION_ORIGIN__:0x0
                [0x00800060]                __DATA_REGION_ORIGIN__ = DEFINED (__DATA_REGION_ORIGIN__)?__DATA_REGION_ORIGIN__:0x800060
                [0x00008000]                __TEXT_REGION_LENGTH__ = DEFINED (__TEXT_REGION_LENGTH__)?__TEXT_REGION_LENGTH__:0x20000
                [0x00000800]                __DATA_REGION_LENGTH__ = DEFINED (__DATA_REGION_LENGTH__)?__DATA_REGION_LENGTH__:0xffa0
                [0x00000400]                __EEPROM_REGION_LENGTH__ = DEFINED (__EEPROM_REGION_LENGTH__)?__EEPROM_REGION_LENGTH__:0x10000
                [0x00000002]                __FUSE_REGION_LENGTH__ = DEFINED (__FUSE_REGION_LENGTH__)?__FUSE_REGION_LENGTH__:0x400
                0x00000400                __LOCK_REGION_LENGTH__ = DEFINED (__LOCK_REGION_LENGTH__)?__LOCK_REGION_LENGTH__:0x400
                0x00000400                __SIGNATURE_REGION_LENGTH__ = DEFINED (__SIGNATURE_REGION_LENGTH__)?__SIGNATURE_REGION_LENGTH__:0x400
                0x00000400                __USER_SIGNATURE_REGION_LENGTH__ = DEFINED (__USER_SIGNATURE_REGION_LENGTH__)?__USER_SIGNATURE_REGION_LENGTH__:0x400

.hash
 *(.hash)

.dynsym
 *(.dynsym)

.dynstr
 *(.dynstr)

.gnu.version
 *(.gnu.version)

.gnu.version_d
 *(.gnu.version_d)

.gnu.version_r
 *(.gnu.version_r)

.rel.init
 *(.rel.init)

.rela.init
 *(.rela.init)

.rel.text
 *(.rel.text)
 *(.rel.text.*)
 *(.rel.gnu.linkonce.t*)

.rela.text
 *(.rela.text)
 *(.rela.text.*)
 *(.rela.gnu.linkonce.t*)

.rel.fini
 *(.rel.fini)

.rela.fini
 *(.rela.fini)

.rel.rodata
 *(.rel.rodata)
 *(.rel.rodata.*)
 *(.rel.gnu.linkonce.r*)

.rela.rodata
 *(.rela.rodata)
 *(.rela.rodata.*)
 *(.rela.gnu.linkonce.r*)

.rel.data
 *(.rel.data)
 *(.rel.data.*)
 *(.rel.gnu.linkonce.d*)

.rela.data
 *(.rela.data)
 *(.rela.data.*)
 *(.rela.gnu.linkonce.d*)

.rel.ctors
 *(.rel.ctors)

.rela.ctors
 *(.rela.ctors)

.rel.dtors
 *(.rel.dtors)

.rela.dtors
 *(.rela.dtors)

.rel.got
 *(.rel.got)

.rela.got
 *(.rela.got)

.rel.bss
 *(.rel.bss)

.rela.bss
 *(.rela.bss)

.rel.plt
 *(.rel.plt)

.rela.plt
 *(.rela.plt)

.text           0x00000000      0x7d6
 *(.vectors)
 .vectors       0x00000000       0x54 C:/Program Files (x86)/Atmel/Studio/7.0/Packs/atmel/ATmega_DFP/1.7.374/gcc/dev/atmega32/avr5/crtatmega32.o
                0x00000000                __vector_default
                0x00000000                __vectors
 *(.vectors)
 *(.progmem.gcc*)
                0x00000054                . = ALIGN (0x2)
                0x00000054                __trampolines_start = .
 *(.trampolines)
 .trampolines   0x00000054        0x0 linker stubs
 *(.trampolines*)
                0x00000054                __trampolines_end = .
 *libprintf_flt.a:*(.progmem.data)
 *libc.a:*(.progmem.data)
 *(.progmem*)
                0x00000054                . = ALIGN (0x2)
 *(.jumptables)
 *(.jumptables*)
 *(.lowtext)
 *(.lowtext*)
                0x00000054                __ctors_start = .
 *(.ctors)
                0x00000054                __ctors_end = .
                0x00000054                __dtors_start = .
 *(.dtors)
                0x00000054                __dtors_end = .
 SORT(*)(.ctors)
 SORT(*)(.dtors)
 *(.init0)
 .init0         0x00000054        0x0 C:/Program Files (x86)/Atmel/Studio/7.0/Packs/atmel/ATmega_DFP/1.7.374/gcc/dev/atmega32/avr5/crtatmega32.o
                0x00000054                __init
 *(.init0)
 *(.init1)
 *(.init1)
 *(.init2)
 .init2         0x00000054        0xc C:/Program Files (x86)/Atmel/Studio/7.0/Packs/atmel/ATmega_DFP/1.7.374/gcc/dev/atmega32/avr5/crtatmega32.o
 *(.init2)
 *(.init3)
 *(.init3)
 *(.init4)
 .init4         0x00000060       0x10 c:/program files (x86)/atmel/studio/7.0/toolchain/avr8/avr8-gnu-toolchain/bin/../lib/gcc/avr/5.4.0/avr5\libgcc.a(_clear_bss.o)
                0x00000060                __do_clear_bss
 *(.init4)
 *(.init5)
 *(.init5)
 *(.init6)
 *(.init6)
 *(.init7)
 *(.init7)
 *(.init8)
 *(.init8)
 *(.init9)
 .init9         0x00000070        0x8 C:/Program Files (x86)/Atmel/Studio/7.0/Packs/atmel/ATmega_DFP/1.7.374/gcc/dev/atmega32/avr5/crtatmega32.o
 *(.init9)
 *(.text)
 .text          0x00000078        0x4 C:/Program Files (x86)/Atmel/Studio/7.0/Packs/atmel/ATmega_DFP/1.7.374/gcc/dev/atmega32/avr5/crtatmega32.o
                0x00000078                __vector_12
                0x00000078                __bad_interrupt
                0x00000078                __vector_6
                0x00000078                __vector_3
                0x00000078                __vector_11
                0x00000078                __vector_13
                0x00000078                __vector_17
                0x00000078                __vector_19
                0x00000078                __vector_7
                0x00000078                __vector_5
                0x00000078                __vector_4
                0x00000078                __vector_9
                0x00000078                __vector_2
                0x00000078                __vector_15
                0x00000078                __vector_8
                0x00000078                __vector_14
                0x00000078                __vector_10
                0x00000078                __vector_16
                0x00000078                __vector_18
                0x00000078                __vector_20
                0x0000007c                . = ALIGN (0x2)
 *(.text.*)
 .text.App_TurnOn5SLed
                0x0000007c       0x38 Application/Application.o
                0x0000007c                App_TurnOn5SLed
 .text.App_TurnOn5S_blinkLed
                0x000000b4       0x58 Application/Application.o
                0x000000b4                App_TurnOn5S_blinkLed
 .text.App_TurnOn_5S_2blinkLeds
                0x0000010c       0x72 Application/Application.o
                0x0000010c                App_TurnOn_5S_2blinkLeds
 .text.AppStart
                0x0000017e       0xb2 Application/Application.o
                0x0000017e                AppStart
 .text.__vector_1
                0x00000230      0x19e Application/Application.o
                0x00000230                __vector_1
 .text.HLED_voidInit
                0x000003ce       0x10 HALL/LED Driver/led.o
                0x000003ce                HLED_voidInit
 .text.HLED_LedOn
                0x000003de       0x10 HALL/LED Driver/led.o
                0x000003de                HLED_LedOn
 .text.HLED_LedOff
                0x000003ee       0x10 HALL/LED Driver/led.o
                0x000003ee                HLED_LedOff
 .text.main     0x000003fe        0xa main.o
                0x000003fe                main
 .text.MDIO_voidInit
                0x00000408      0x1b8 MCAL/DIO Driver/dio.o
                0x00000408                MDIO_voidInit
 .text.MDIO_voidWrite
                0x000005c0      0x11e MCAL/DIO Driver/dio.o
                0x000005c0                MDIO_voidWrite
 .text.MDIO_GetPinValue
                0x000006de       0x5c MCAL/DIO Driver/dio.o
                0x000006de                MDIO_GetPinValue
 .text.MINTERRUPT_voidEnableExternalInterrupt
                0x0000073a       0x22 MCAL/INTERRUPT Driver/Interrupt.o
                0x0000073a                MINTERRUPT_voidEnableExternalInterrupt
 .text.MINTERRUPT_voidExternal_Interrupt_SetTrigger
                0x0000075c       0x28 MCAL/INTERRUPT Driver/Interrupt.o
                0x0000075c                MINTERRUPT_voidExternal_Interrupt_SetTrigger
 .text.MTimer0_init
                0x00000784        0x8 MCAL/TIMER0 Driver/Timer0.o
                0x00000784                MTimer0_init
 .text.MTimer0_Delay_14_equal_second
                0x0000078c       0x46 MCAL/TIMER0 Driver/Timer0.o
                0x0000078c                MTimer0_Delay_14_equal_second
                0x000007d2                . = ALIGN (0x2)
 *(.fini9)
 .fini9         0x000007d2        0x0 c:/program files (x86)/atmel/studio/7.0/toolchain/avr8/avr8-gnu-toolchain/bin/../lib/gcc/avr/5.4.0/avr5\libgcc.a(_exit.o)
                0x000007d2                _exit
                0x000007d2                exit
 *(.fini9)
 *(.fini8)
 *(.fini8)
 *(.fini7)
 *(.fini7)
 *(.fini6)
 *(.fini6)
 *(.fini5)
 *(.fini5)
 *(.fini4)
 *(.fini4)
 *(.fini3)
 *(.fini3)
 *(.fini2)
 *(.fini2)
 *(.fini1)
 *(.fini1)
 *(.fini0)
 .fini0         0x000007d2        0x4 c:/program files (x86)/atmel/studio/7.0/toolchain/avr8/avr8-gnu-toolchain/bin/../lib/gcc/avr/5.4.0/avr5\libgcc.a(_exit.o)
 *(.fini0)
                0x000007d6                _etext = .

.data           0x00800060        0x0 load address 0x000007d6
                [!provide]                PROVIDE (__data_start, .)
 *(.data)
 *(.data*)
 *(.gnu.linkonce.d*)
 *(.rodata)
 *(.rodata*)
 *(.gnu.linkonce.r*)
                0x00800060                . = ALIGN (0x2)
                0x00800060                _edata = .
                [!provide]                PROVIDE (__data_end, .)

.bss            0x00800060       0x10
                0x00800060                PROVIDE (__bss_start, .)
 *(.bss)
 *(.bss*)
 .bss.Long_Press
                0x00800060        0x1 Application/Application.o
                0x00800060                Long_Press
 .bss.overflowCounter
                0x00800061        0x2 MCAL/TIMER0 Driver/Timer0.o
                0x00800061                overflowCounter
 *(COMMON)
 COMMON         0x00800063        0xd Application/Application.o
                0x00800063                Value
                0x00800064                PEDYellowLed
                0x00800066                CarsGreenLed
                0x00800068                PEDRedLed
                0x0080006a                CarsRedLed
                0x0080006c                PEDGreenLed
                0x0080006e                CarsYellowLed
                0x00800070                PROVIDE (__bss_end, .)
                0x000007d6                __data_load_start = LOADADDR (.data)
                0x000007d6                __data_load_end = (__data_load_start + SIZEOF (.data))

.noinit         0x00800070        0x0
                [!provide]                PROVIDE (__noinit_start, .)
 *(.noinit*)
                [!provide]                PROVIDE (__noinit_end, .)
                0x00800070                _end = .
                [!provide]                PROVIDE (__heap_start, .)

.eeprom         0x00810000        0x0
 *(.eeprom*)
                0x00810000                __eeprom_end = .

.fuse
 *(.fuse)
 *(.lfuse)
 *(.hfuse)
 *(.efuse)

.lock
 *(.lock*)

.signature
 *(.signature*)

.user_signatures
 *(.user_signatures*)

.stab
 *(.stab)

.stabstr
 *(.stabstr)

.stab.excl
 *(.stab.excl)

.stab.exclstr
 *(.stab.exclstr)

.stab.index
 *(.stab.index)

.stab.indexstr
 *(.stab.indexstr)

.comment        0x00000000       0x30
 *(.comment)
 .comment       0x00000000       0x30 Application/Application.o
                                 0x31 (size before relaxing)
 .comment       0x00000030       0x31 HALL/LED Driver/led.o
 .comment       0x00000030       0x31 main.o
 .comment       0x00000030       0x31 MCAL/DIO Driver/dio.o
 .comment       0x00000030       0x31 MCAL/INTERRUPT Driver/Interrupt.o
 .comment       0x00000030       0x31 MCAL/TIMER0 Driver/Timer0.o

.note.gnu.avr.deviceinfo
                0x00000000       0x3c
 .note.gnu.avr.deviceinfo
                0x00000000       0x3c C:/Program Files (x86)/Atmel/Studio/7.0/Packs/atmel/ATmega_DFP/1.7.374/gcc/dev/atmega32/avr5/crtatmega32.o

.note.gnu.build-id
 *(.note.gnu.build-id)

.debug
 *(.debug)

.line
 *(.line)

.debug_srcinfo
 *(.debug_srcinfo)

.debug_sfnames
 *(.debug_sfnames)

.debug_aranges  0x00000000      0x138
 *(.debug_aranges)
 .debug_aranges
                0x00000000       0x48 Application/Application.o
 .debug_aranges
                0x00000048       0x38 HALL/LED Driver/led.o
 .debug_aranges
                0x00000080       0x20 main.o
 .debug_aranges
                0x000000a0       0x40 MCAL/DIO Driver/dio.o
 .debug_aranges
                0x000000e0       0x30 MCAL/INTERRUPT Driver/Interrupt.o
 .debug_aranges
                0x00000110       0x28 MCAL/TIMER0 Driver/Timer0.o

.debug_pubnames
 *(.debug_pubnames)

.debug_info     0x00000000     0x1507
 *(.debug_info .gnu.linkonce.wi.*)
 .debug_info    0x00000000      0x4e6 C:/Program Files (x86)/Atmel/Studio/7.0/Packs/atmel/ATmega_DFP/1.7.374/gcc/dev/atmega32/avr5/crtatmega32.o
 .debug_info    0x000004e6      0x901 Application/Application.o
 .debug_info    0x00000de7      0x1f6 HALL/LED Driver/led.o
 .debug_info    0x00000fdd       0x73 main.o
 .debug_info    0x00001050      0x252 MCAL/DIO Driver/dio.o
 .debug_info    0x000012a2      0x146 MCAL/INTERRUPT Driver/Interrupt.o
 .debug_info    0x000013e8      0x11f MCAL/TIMER0 Driver/Timer0.o

.debug_abbrev   0x00000000      0x916
 *(.debug_abbrev)
 .debug_abbrev  0x00000000      0x4a3 C:/Program Files (x86)/Atmel/Studio/7.0/Packs/atmel/ATmega_DFP/1.7.374/gcc/dev/atmega32/avr5/crtatmega32.o
 .debug_abbrev  0x000004a3      0x16d Application/Application.o
 .debug_abbrev  0x00000610       0xe4 HALL/LED Driver/led.o
 .debug_abbrev  0x000006f4       0x63 main.o
 .debug_abbrev  0x00000757       0xae MCAL/DIO Driver/dio.o
 .debug_abbrev  0x00000805       0x8d MCAL/INTERRUPT Driver/Interrupt.o
 .debug_abbrev  0x00000892       0x84 MCAL/TIMER0 Driver/Timer0.o

.debug_line     0x00000000      0xbae
 *(.debug_line .debug_line.* .debug_line_end)
 .debug_line    0x00000000      0x116 C:/Program Files (x86)/Atmel/Studio/7.0/Packs/atmel/ATmega_DFP/1.7.374/gcc/dev/atmega32/avr5/crtatmega32.o
 .debug_line    0x00000116      0x3d9 Application/Application.o
 .debug_line    0x000004ef      0x10d HALL/LED Driver/led.o
 .debug_line    0x000005fc       0x68 main.o
 .debug_line    0x00000664      0x344 MCAL/DIO Driver/dio.o
 .debug_line    0x000009a8      0x121 MCAL/INTERRUPT Driver/Interrupt.o
 .debug_line    0x00000ac9       0xe5 MCAL/TIMER0 Driver/Timer0.o

.debug_frame    0x00000000      0x268
 *(.debug_frame)
 .debug_frame   0x00000000      0x114 Application/Application.o
 .debug_frame   0x00000114       0x54 HALL/LED Driver/led.o
 .debug_frame   0x00000168       0x24 main.o
 .debug_frame   0x0000018c       0x64 MCAL/DIO Driver/dio.o
 .debug_frame   0x000001f0       0x44 MCAL/INTERRUPT Driver/Interrupt.o
 .debug_frame   0x00000234       0x34 MCAL/TIMER0 Driver/Timer0.o

.debug_str      0x00000000      0x7f1
 *(.debug_str)
 .debug_str     0x00000000      0x196 C:/Program Files (x86)/Atmel/Studio/7.0/Packs/atmel/ATmega_DFP/1.7.374/gcc/dev/atmega32/avr5/crtatmega32.o
 .debug_str     0x00000196      0x3bd Application/Application.o
                                0x3c3 (size before relaxing)
 .debug_str     0x00000553       0x83 HALL/LED Driver/led.o
                                0x212 (size before relaxing)
 .debug_str     0x000005d6       0x11 main.o
                                0x14f (size before relaxing)
 .debug_str     0x000005e7       0x9b MCAL/DIO Driver/dio.o
                                0x28e (size before relaxing)
 .debug_str     0x00000682       0x4d MCAL/INTERRUPT Driver/Interrupt.o
                                0x2a2 (size before relaxing)
 .debug_str     0x000006cf      0x122 MCAL/TIMER0 Driver/Timer0.o
                                0x28a (size before relaxing)

.debug_loc      0x00000000      0x92d
 *(.debug_loc)
 .debug_loc     0x00000000      0x267 Application/Application.o
 .debug_loc     0x00000267       0xd8 HALL/LED Driver/led.o
 .debug_loc     0x0000033f      0x4bf MCAL/DIO Driver/dio.o
 .debug_loc     0x000007fe       0xe8 MCAL/INTERRUPT Driver/Interrupt.o
 .debug_loc     0x000008e6       0x47 MCAL/TIMER0 Driver/Timer0.o

.debug_macinfo
 *(.debug_macinfo)

.debug_weaknames
 *(.debug_weaknames)

.debug_funcnames
 *(.debug_funcnames)

.debug_typenames
 *(.debug_typenames)

.debug_varnames
 *(.debug_varnames)

.debug_pubtypes
 *(.debug_pubtypes)

.debug_ranges   0x00000000       0xd8
 *(.debug_ranges)
 .debug_ranges  0x00000000       0x38 Application/Application.o
 .debug_ranges  0x00000038       0x28 HALL/LED Driver/led.o
 .debug_ranges  0x00000060       0x10 main.o
 .debug_ranges  0x00000070       0x30 MCAL/DIO Driver/dio.o
 .debug_ranges  0x000000a0       0x20 MCAL/INTERRUPT Driver/Interrupt.o
 .debug_ranges  0x000000c0       0x18 MCAL/TIMER0 Driver/Timer0.o

.debug_macro
 *(.debug_macro)
OUTPUT(GccApplication1.elf elf32-avr)
LOAD linker stubs
